exports[`test App shows form and empty list of repositories 1`] = `
<div
  className="container">
  <div
    className="wrapper">
    <form
      className="form-inline"
      onSubmit={[Function]}>
      <div
        className="form-group">
        <input
          className="form-control"
          name="query"
          placeholder="Enter user name"
          type="text" />
        <button
          className="btn btn-primary"
          disabled={undefined}
          name="search"
          type="submit">
          Search
        </button>
      </div>
    </form>
    <div
      className="search-results row">
      <div
        className="col-xs-12">
        <p
          className="help-block">
          Enter user name and click the Search button to search GitHub for user repositories.
        </p>
      </div>
    </div>
  </div>
</div>
`;

exports[`test App shows form with query 1`] = `
<div
  className="container">
  <div
    className="wrapper">
    <form
      className="form-inline"
      onSubmit={[Function]}>
      <div
        className="form-group">
        <input
          className="form-control"
          name="query"
          placeholder="Enter user name"
          type="text" />
        <button
          className="btn btn-primary"
          disabled={undefined}
          name="search"
          type="submit">
          Search
        </button>
      </div>
    </form>
    <div
      className="search-results row">
      <div
        className="col-xs-12">
        <p
          className="help-block">
          Enter user name and click the Search button to search GitHub for user repositories.
        </p>
      </div>
    </div>
  </div>
</div>
`;
