exports[`test RepoList renders the list of repositories 1`] = `
<div
  style={
    Object {
      "muiPrepared": true,
      "padding": "8px 0px 8px 0px",
    }
  }>
  <div>
    <span
      disabled={undefined}
      href={undefined}
      onBlur={[Function]}
      onClick={[Function]}
      onFocus={[Function]}
      onKeyDown={[Function]}
      onKeyUp={[Function]}
      onMouseEnter={[Function]}
      onMouseLeave={[Function]}
      onTouchEnd={[Function]}
      onTouchStart={[Function]}
      onTouchTap={[Function]}
      open={null}
      style={
        Object {
          "WebkitTapHighlightColor": "rgba(0, 0, 0, 0)",
          "background": "none",
          "backgroundColor": null,
          "border": 10,
          "boxSizing": "border-box",
          "color": "rgba(0, 0, 0, 0.87)",
          "cursor": "pointer",
          "display": "block",
          "fontFamily": "Roboto, sans-serif",
          "fontSize": 16,
          "fontWeight": "inherit",
          "lineHeight": "16px",
          "margin": 0,
          "muiPrepared": true,
          "outline": "none",
          "padding": 0,
          "position": "relative",
          "textDecoration": "none",
          "transition": "all 450ms cubic-bezier(0.23, 1, 0.32, 1) 0ms",
          "verticalAlign": null,
          "zIndex": 1,
        }
      }
      tabIndex={0}>
      <div
        onMouseDown={[Function]}
        onMouseLeave={[Function]}
        onMouseUp={[Function]}
        onTouchEnd={[Function]}
        onTouchStart={[Function]}>
        <div
          style={
            Object {
              "marginLeft": 0,
              "muiPrepared": true,
              "paddingBottom": 16,
              "paddingLeft": 72,
              "paddingRight": 16,
              "paddingTop": 16,
              "position": "relative",
            }
          }>
          <svg
            onMouseEnter={[Function]}
            onMouseLeave={[Function]}
            style={
              Object {
                "color": "rgba(0, 0, 0, 0.87)",
                "display": "block",
                "fill": "#00838f",
                "height": 24,
                "left": 4,
                "margin": 12,
                "muiPrepared": true,
                "position": "absolute",
                "top": 0,
                "transition": "all 450ms cubic-bezier(0.23, 1, 0.32, 1) 0ms",
                "userSelect": "none",
                "width": 24,
              }
            }
            viewBox="0 0 24 24">
            <path
              d="M9.4 16.6L4.8 12l4.6-4.6L8 6l-6 6 6 6 1.4-1.4zm5.2 0l4.6-4.6-4.6-4.6L16 6l6 6-6 6-1.4-1.4z" />
          </svg>
          <div
            style={
              Object {
                "muiPrepared": true,
              }
            }>
            test 1
          </div>
        </div>
      </div>
    </span>
  </div>
  <div>
    <span
      disabled={undefined}
      href={undefined}
      onBlur={[Function]}
      onClick={[Function]}
      onFocus={[Function]}
      onKeyDown={[Function]}
      onKeyUp={[Function]}
      onMouseEnter={[Function]}
      onMouseLeave={[Function]}
      onTouchEnd={[Function]}
      onTouchStart={[Function]}
      onTouchTap={[Function]}
      open={null}
      style={
        Object {
          "WebkitTapHighlightColor": "rgba(0, 0, 0, 0)",
          "background": "none",
          "backgroundColor": null,
          "border": 10,
          "boxSizing": "border-box",
          "color": "rgba(0, 0, 0, 0.87)",
          "cursor": "pointer",
          "display": "block",
          "fontFamily": "Roboto, sans-serif",
          "fontSize": 16,
          "fontWeight": "inherit",
          "lineHeight": "16px",
          "margin": 0,
          "muiPrepared": true,
          "outline": "none",
          "padding": 0,
          "position": "relative",
          "textDecoration": "none",
          "transition": "all 450ms cubic-bezier(0.23, 1, 0.32, 1) 0ms",
          "verticalAlign": null,
          "zIndex": 1,
        }
      }
      tabIndex={0}>
      <div
        onMouseDown={[Function]}
        onMouseLeave={[Function]}
        onMouseUp={[Function]}
        onTouchEnd={[Function]}
        onTouchStart={[Function]}>
        <div
          style={
            Object {
              "marginLeft": 0,
              "muiPrepared": true,
              "paddingBottom": 16,
              "paddingLeft": 72,
              "paddingRight": 16,
              "paddingTop": 16,
              "position": "relative",
            }
          }>
          <svg
            onMouseEnter={[Function]}
            onMouseLeave={[Function]}
            style={
              Object {
                "color": "rgba(0, 0, 0, 0.87)",
                "display": "block",
                "fill": "#00838f",
                "height": 24,
                "left": 4,
                "margin": 12,
                "muiPrepared": true,
                "position": "absolute",
                "top": 0,
                "transition": "all 450ms cubic-bezier(0.23, 1, 0.32, 1) 0ms",
                "userSelect": "none",
                "width": 24,
              }
            }
            viewBox="0 0 24 24">
            <path
              d="M9.4 16.6L4.8 12l4.6-4.6L8 6l-6 6 6 6 1.4-1.4zm5.2 0l4.6-4.6-4.6-4.6L16 6l6 6-6 6-1.4-1.4z" />
          </svg>
          <div
            style={
              Object {
                "muiPrepared": true,
              }
            }>
            test 2
          </div>
        </div>
      </div>
    </span>
  </div>
  <div>
    <span
      disabled={undefined}
      href={undefined}
      onBlur={[Function]}
      onClick={[Function]}
      onFocus={[Function]}
      onKeyDown={[Function]}
      onKeyUp={[Function]}
      onMouseEnter={[Function]}
      onMouseLeave={[Function]}
      onTouchEnd={[Function]}
      onTouchStart={[Function]}
      onTouchTap={[Function]}
      open={null}
      style={
        Object {
          "WebkitTapHighlightColor": "rgba(0, 0, 0, 0)",
          "background": "none",
          "backgroundColor": null,
          "border": 10,
          "boxSizing": "border-box",
          "color": "rgba(0, 0, 0, 0.87)",
          "cursor": "pointer",
          "display": "block",
          "fontFamily": "Roboto, sans-serif",
          "fontSize": 16,
          "fontWeight": "inherit",
          "lineHeight": "16px",
          "margin": 0,
          "muiPrepared": true,
          "outline": "none",
          "padding": 0,
          "position": "relative",
          "textDecoration": "none",
          "transition": "all 450ms cubic-bezier(0.23, 1, 0.32, 1) 0ms",
          "verticalAlign": null,
          "zIndex": 1,
        }
      }
      tabIndex={0}>
      <div
        onMouseDown={[Function]}
        onMouseLeave={[Function]}
        onMouseUp={[Function]}
        onTouchEnd={[Function]}
        onTouchStart={[Function]}>
        <div
          style={
            Object {
              "marginLeft": 0,
              "muiPrepared": true,
              "paddingBottom": 16,
              "paddingLeft": 72,
              "paddingRight": 16,
              "paddingTop": 16,
              "position": "relative",
            }
          }>
          <svg
            onMouseEnter={[Function]}
            onMouseLeave={[Function]}
            style={
              Object {
                "color": "rgba(0, 0, 0, 0.87)",
                "display": "block",
                "fill": "#00838f",
                "height": 24,
                "left": 4,
                "margin": 12,
                "muiPrepared": true,
                "position": "absolute",
                "top": 0,
                "transition": "all 450ms cubic-bezier(0.23, 1, 0.32, 1) 0ms",
                "userSelect": "none",
                "width": 24,
              }
            }
            viewBox="0 0 24 24">
            <path
              d="M9.4 16.6L4.8 12l4.6-4.6L8 6l-6 6 6 6 1.4-1.4zm5.2 0l4.6-4.6-4.6-4.6L16 6l6 6-6 6-1.4-1.4z" />
          </svg>
          <div
            style={
              Object {
                "muiPrepared": true,
              }
            }>
            test 3
          </div>
        </div>
      </div>
    </span>
  </div>
</div>
`;
